// Jest Snapshot v1, https://goo.gl/fbAQLP

exports[`Home matches the snapshot 1`] = `
ShallowWrapper {
  Symbol(enzyme.__root__): [Circular],
  Symbol(enzyme.__unrendered__): <Home
    activeRoute="/redux"
    categories={
        Array [
            Object {
              "name": "react",
              "path": "react",
            },
            Object {
              "name": "redux",
              "path": "redux",
            },
            Object {
              "name": "udacity",
              "path": "udacity",
            },
          ]
    }
    deletePost={[Function]}
    editPost={[Function]}
    getSelectedSortMethod={[Function]}
    modifyPostVoteValues={[Function]}
    posts={
        Array [
            Object {
              "author": "thingtwo",
              "body": "Everyone says so after all.",
              "category": "react",
              "commentCount": 2,
              "deleted": false,
              "id": "8xf0y6ziyjabvozdd253nd",
              "timestamp": 1467166872634,
              "title": "Udacity is the best place to learn React",
              "voteScore": 6,
            },
            Object {
              "author": "a",
              "body": "c",
              "category": "react",
              "commentCount": 0,
              "deleted": false,
              "id": "4771766477535847731044778930",
              "timestamp": 1538493219570,
              "title": "s",
              "voteScore": 1,
            },
          ]
    }
    selectedSortMethod="sort_by_date"
    showModal={[Function]}
    sortMethods={
        Array [
            Object {
              "text": "Por data",
              "value": "sort_by_date",
            },
            Object {
              "text": "Por votos",
              "value": "sort_by_vote_score",
            },
          ]
    }
/>,
  Symbol(enzyme.__renderer__): Object {
    "batchedUpdates": [Function],
    "getNode": [Function],
    "render": [Function],
    "simulateError": [Function],
    "simulateEvent": [Function],
    "unmount": [Function],
  },
  Symbol(enzyme.__node__): Object {
    "instance": null,
    "key": undefined,
    "nodeType": "function",
    "props": Object {
      "children": Array [
        <ToolsRow
          onFilterChange={[Function]}
          options={
                    Array [
                              Object {
                                "text": "Por data",
                                "value": "sort_by_date",
                              },
                              Object {
                                "text": "Por votos",
                                "value": "sort_by_vote_score",
                              },
                            ]
          }
          selectedOption="sort_by_date"
          showModal={[Function]}
/>,
        <styled.div>
          <div>
                    <CategoryList
                              activeRoute="/redux"
                              categories={
                                        Array [
                                                  Object {
                                                    "name": "react",
                                                    "path": "react",
                                                  },
                                                  Object {
                                                    "name": "redux",
                                                    "path": "redux",
                                                  },
                                                  Object {
                                                    "name": "udacity",
                                                    "path": "udacity",
                                                  },
                                                ]
                              }
                    />
          </div>
          <div>
                    <PostsList
                              deletePost={[Function]}
                              editPost={[Function]}
                              modifyPostVoteValues={[Function]}
                              posts={
                                        Array [
                                                  Object {
                                                    "author": "thingtwo",
                                                    "body": "Everyone says so after all.",
                                                    "category": "react",
                                                    "commentCount": 2,
                                                    "deleted": false,
                                                    "id": "8xf0y6ziyjabvozdd253nd",
                                                    "timestamp": 1467166872634,
                                                    "title": "Udacity is the best place to learn React",
                                                    "voteScore": 6,
                                                  },
                                                  Object {
                                                    "author": "a",
                                                    "body": "c",
                                                    "category": "react",
                                                    "commentCount": 0,
                                                    "deleted": false,
                                                    "id": "4771766477535847731044778930",
                                                    "timestamp": 1538493219570,
                                                    "title": "s",
                                                    "voteScore": 1,
                                                  },
                                                ]
                              }
                              sortMethod="sort_by_date"
                    />
          </div>
</styled.div>,
      ],
    },
    "ref": null,
    "rendered": Array [
      Object {
        "instance": null,
        "key": undefined,
        "nodeType": "function",
        "props": Object {
          "onFilterChange": [Function],
          "options": Array [
            Object {
              "text": "Por data",
              "value": "sort_by_date",
            },
            Object {
              "text": "Por votos",
              "value": "sort_by_vote_score",
            },
          ],
          "selectedOption": "sort_by_date",
          "showModal": [Function],
        },
        "ref": null,
        "rendered": null,
        "type": [Function],
      },
      Object {
        "instance": null,
        "key": undefined,
        "nodeType": "class",
        "props": Object {
          "children": Array [
            <div>
              <CategoryList
                            activeRoute="/redux"
                            categories={
                                          Array [
                                                        Object {
                                                          "name": "react",
                                                          "path": "react",
                                                        },
                                                        Object {
                                                          "name": "redux",
                                                          "path": "redux",
                                                        },
                                                        Object {
                                                          "name": "udacity",
                                                          "path": "udacity",
                                                        },
                                                      ]
                            }
              />
</div>,
            <div>
              <PostsList
                            deletePost={[Function]}
                            editPost={[Function]}
                            modifyPostVoteValues={[Function]}
                            posts={
                                          Array [
                                                        Object {
                                                          "author": "thingtwo",
                                                          "body": "Everyone says so after all.",
                                                          "category": "react",
                                                          "commentCount": 2,
                                                          "deleted": false,
                                                          "id": "8xf0y6ziyjabvozdd253nd",
                                                          "timestamp": 1467166872634,
                                                          "title": "Udacity is the best place to learn React",
                                                          "voteScore": 6,
                                                        },
                                                        Object {
                                                          "author": "a",
                                                          "body": "c",
                                                          "category": "react",
                                                          "commentCount": 0,
                                                          "deleted": false,
                                                          "id": "4771766477535847731044778930",
                                                          "timestamp": 1538493219570,
                                                          "title": "s",
                                                          "voteScore": 1,
                                                        },
                                                      ]
                            }
                            sortMethod="sort_by_date"
              />
</div>,
          ],
        },
        "ref": null,
        "rendered": Array [
          Object {
            "instance": null,
            "key": undefined,
            "nodeType": "host",
            "props": Object {
              "children": <CategoryList
                activeRoute="/redux"
                categories={
                                Array [
                                                Object {
                                                  "name": "react",
                                                  "path": "react",
                                                },
                                                Object {
                                                  "name": "redux",
                                                  "path": "redux",
                                                },
                                                Object {
                                                  "name": "udacity",
                                                  "path": "udacity",
                                                },
                                              ]
                }
/>,
            },
            "ref": null,
            "rendered": Object {
              "instance": null,
              "key": undefined,
              "nodeType": "function",
              "props": Object {
                "activeRoute": "/redux",
                "categories": Array [
                  Object {
                    "name": "react",
                    "path": "react",
                  },
                  Object {
                    "name": "redux",
                    "path": "redux",
                  },
                  Object {
                    "name": "udacity",
                    "path": "udacity",
                  },
                ],
              },
              "ref": null,
              "rendered": null,
              "type": [Function],
            },
            "type": "div",
          },
          Object {
            "instance": null,
            "key": undefined,
            "nodeType": "host",
            "props": Object {
              "children": <PostsList
                deletePost={[Function]}
                editPost={[Function]}
                modifyPostVoteValues={[Function]}
                posts={
                                Array [
                                                Object {
                                                  "author": "thingtwo",
                                                  "body": "Everyone says so after all.",
                                                  "category": "react",
                                                  "commentCount": 2,
                                                  "deleted": false,
                                                  "id": "8xf0y6ziyjabvozdd253nd",
                                                  "timestamp": 1467166872634,
                                                  "title": "Udacity is the best place to learn React",
                                                  "voteScore": 6,
                                                },
                                                Object {
                                                  "author": "a",
                                                  "body": "c",
                                                  "category": "react",
                                                  "commentCount": 0,
                                                  "deleted": false,
                                                  "id": "4771766477535847731044778930",
                                                  "timestamp": 1538493219570,
                                                  "title": "s",
                                                  "voteScore": 1,
                                                },
                                              ]
                }
                sortMethod="sort_by_date"
/>,
            },
            "ref": null,
            "rendered": Object {
              "instance": null,
              "key": undefined,
              "nodeType": "function",
              "props": Object {
                "deletePost": [Function],
                "editPost": [Function],
                "modifyPostVoteValues": [Function],
                "posts": Array [
                  Object {
                    "author": "thingtwo",
                    "body": "Everyone says so after all.",
                    "category": "react",
                    "commentCount": 2,
                    "deleted": false,
                    "id": "8xf0y6ziyjabvozdd253nd",
                    "timestamp": 1467166872634,
                    "title": "Udacity is the best place to learn React",
                    "voteScore": 6,
                  },
                  Object {
                    "author": "a",
                    "body": "c",
                    "category": "react",
                    "commentCount": 0,
                    "deleted": false,
                    "id": "4771766477535847731044778930",
                    "timestamp": 1538493219570,
                    "title": "s",
                    "voteScore": 1,
                  },
                ],
                "sortMethod": "sort_by_date",
              },
              "ref": null,
              "rendered": null,
              "type": [Function],
            },
            "type": "div",
          },
        ],
        "type": [Function],
      },
    ],
    "type": Symbol(react.fragment),
  },
  Symbol(enzyme.__nodes__): Array [
    Object {
      "instance": null,
      "key": undefined,
      "nodeType": "function",
      "props": Object {
        "children": Array [
          <ToolsRow
            onFilterChange={[Function]}
            options={
                        Array [
                                    Object {
                                      "text": "Por data",
                                      "value": "sort_by_date",
                                    },
                                    Object {
                                      "text": "Por votos",
                                      "value": "sort_by_vote_score",
                                    },
                                  ]
            }
            selectedOption="sort_by_date"
            showModal={[Function]}
/>,
          <styled.div>
            <div>
                        <CategoryList
                                    activeRoute="/redux"
                                    categories={
                                                Array [
                                                            Object {
                                                              "name": "react",
                                                              "path": "react",
                                                            },
                                                            Object {
                                                              "name": "redux",
                                                              "path": "redux",
                                                            },
                                                            Object {
                                                              "name": "udacity",
                                                              "path": "udacity",
                                                            },
                                                          ]
                                    }
                        />
            </div>
            <div>
                        <PostsList
                                    deletePost={[Function]}
                                    editPost={[Function]}
                                    modifyPostVoteValues={[Function]}
                                    posts={
                                                Array [
                                                            Object {
                                                              "author": "thingtwo",
                                                              "body": "Everyone says so after all.",
                                                              "category": "react",
                                                              "commentCount": 2,
                                                              "deleted": false,
                                                              "id": "8xf0y6ziyjabvozdd253nd",
                                                              "timestamp": 1467166872634,
                                                              "title": "Udacity is the best place to learn React",
                                                              "voteScore": 6,
                                                            },
                                                            Object {
                                                              "author": "a",
                                                              "body": "c",
                                                              "category": "react",
                                                              "commentCount": 0,
                                                              "deleted": false,
                                                              "id": "4771766477535847731044778930",
                                                              "timestamp": 1538493219570,
                                                              "title": "s",
                                                              "voteScore": 1,
                                                            },
                                                          ]
                                    }
                                    sortMethod="sort_by_date"
                        />
            </div>
</styled.div>,
        ],
      },
      "ref": null,
      "rendered": Array [
        Object {
          "instance": null,
          "key": undefined,
          "nodeType": "function",
          "props": Object {
            "onFilterChange": [Function],
            "options": Array [
              Object {
                "text": "Por data",
                "value": "sort_by_date",
              },
              Object {
                "text": "Por votos",
                "value": "sort_by_vote_score",
              },
            ],
            "selectedOption": "sort_by_date",
            "showModal": [Function],
          },
          "ref": null,
          "rendered": null,
          "type": [Function],
        },
        Object {
          "instance": null,
          "key": undefined,
          "nodeType": "class",
          "props": Object {
            "children": Array [
              <div>
                <CategoryList
                                activeRoute="/redux"
                                categories={
                                                Array [
                                                                Object {
                                                                  "name": "react",
                                                                  "path": "react",
                                                                },
                                                                Object {
                                                                  "name": "redux",
                                                                  "path": "redux",
                                                                },
                                                                Object {
                                                                  "name": "udacity",
                                                                  "path": "udacity",
                                                                },
                                                              ]
                                }
                />
</div>,
              <div>
                <PostsList
                                deletePost={[Function]}
                                editPost={[Function]}
                                modifyPostVoteValues={[Function]}
                                posts={
                                                Array [
                                                                Object {
                                                                  "author": "thingtwo",
                                                                  "body": "Everyone says so after all.",
                                                                  "category": "react",
                                                                  "commentCount": 2,
                                                                  "deleted": false,
                                                                  "id": "8xf0y6ziyjabvozdd253nd",
                                                                  "timestamp": 1467166872634,
                                                                  "title": "Udacity is the best place to learn React",
                                                                  "voteScore": 6,
                                                                },
                                                                Object {
                                                                  "author": "a",
                                                                  "body": "c",
                                                                  "category": "react",
                                                                  "commentCount": 0,
                                                                  "deleted": false,
                                                                  "id": "4771766477535847731044778930",
                                                                  "timestamp": 1538493219570,
                                                                  "title": "s",
                                                                  "voteScore": 1,
                                                                },
                                                              ]
                                }
                                sortMethod="sort_by_date"
                />
</div>,
            ],
          },
          "ref": null,
          "rendered": Array [
            Object {
              "instance": null,
              "key": undefined,
              "nodeType": "host",
              "props": Object {
                "children": <CategoryList
                  activeRoute="/redux"
                  categories={
                                    Array [
                                                      Object {
                                                        "name": "react",
                                                        "path": "react",
                                                      },
                                                      Object {
                                                        "name": "redux",
                                                        "path": "redux",
                                                      },
                                                      Object {
                                                        "name": "udacity",
                                                        "path": "udacity",
                                                      },
                                                    ]
                  }
/>,
              },
              "ref": null,
              "rendered": Object {
                "instance": null,
                "key": undefined,
                "nodeType": "function",
                "props": Object {
                  "activeRoute": "/redux",
                  "categories": Array [
                    Object {
                      "name": "react",
                      "path": "react",
                    },
                    Object {
                      "name": "redux",
                      "path": "redux",
                    },
                    Object {
                      "name": "udacity",
                      "path": "udacity",
                    },
                  ],
                },
                "ref": null,
                "rendered": null,
                "type": [Function],
              },
              "type": "div",
            },
            Object {
              "instance": null,
              "key": undefined,
              "nodeType": "host",
              "props": Object {
                "children": <PostsList
                  deletePost={[Function]}
                  editPost={[Function]}
                  modifyPostVoteValues={[Function]}
                  posts={
                                    Array [
                                                      Object {
                                                        "author": "thingtwo",
                                                        "body": "Everyone says so after all.",
                                                        "category": "react",
                                                        "commentCount": 2,
                                                        "deleted": false,
                                                        "id": "8xf0y6ziyjabvozdd253nd",
                                                        "timestamp": 1467166872634,
                                                        "title": "Udacity is the best place to learn React",
                                                        "voteScore": 6,
                                                      },
                                                      Object {
                                                        "author": "a",
                                                        "body": "c",
                                                        "category": "react",
                                                        "commentCount": 0,
                                                        "deleted": false,
                                                        "id": "4771766477535847731044778930",
                                                        "timestamp": 1538493219570,
                                                        "title": "s",
                                                        "voteScore": 1,
                                                      },
                                                    ]
                  }
                  sortMethod="sort_by_date"
/>,
              },
              "ref": null,
              "rendered": Object {
                "instance": null,
                "key": undefined,
                "nodeType": "function",
                "props": Object {
                  "deletePost": [Function],
                  "editPost": [Function],
                  "modifyPostVoteValues": [Function],
                  "posts": Array [
                    Object {
                      "author": "thingtwo",
                      "body": "Everyone says so after all.",
                      "category": "react",
                      "commentCount": 2,
                      "deleted": false,
                      "id": "8xf0y6ziyjabvozdd253nd",
                      "timestamp": 1467166872634,
                      "title": "Udacity is the best place to learn React",
                      "voteScore": 6,
                    },
                    Object {
                      "author": "a",
                      "body": "c",
                      "category": "react",
                      "commentCount": 0,
                      "deleted": false,
                      "id": "4771766477535847731044778930",
                      "timestamp": 1538493219570,
                      "title": "s",
                      "voteScore": 1,
                    },
                  ],
                  "sortMethod": "sort_by_date",
                },
                "ref": null,
                "rendered": null,
                "type": [Function],
              },
              "type": "div",
            },
          ],
          "type": [Function],
        },
      ],
      "type": Symbol(react.fragment),
    },
  ],
  Symbol(enzyme.__options__): Object {
    "adapter": ReactSixteenAdapter {
      "options": Object {
        "enableComponentDidUpdateOnSetState": true,
        "lifecycles": Object {
          "componentDidUpdate": Object {
            "onSetState": true,
          },
          "getDerivedStateFromProps": true,
          "getSnapshotBeforeUpdate": true,
          "setState": Object {
            "skipsComponentDidUpdateOnNullish": true,
          },
        },
      },
    },
    "attachTo": undefined,
    "hydrateIn": undefined,
  },
}
`;
