// Jest Snapshot v1, https://goo.gl/fbAQLP

exports[`PostsList matches the snapshot 1`] = `
ShallowWrapper {
  Symbol(enzyme.__root__): [Circular],
  Symbol(enzyme.__unrendered__): <PostsList
    deletePost={[Function]}
    editPost={[Function]}
    modifyPostVoteValues={[Function]}
    posts={
        Array [
            Object {
              "author": "thingone",
              "body": "Just kidding. It takes more than 10 minutes to learn technology.",
              "category": "redux",
              "commentCount": 0,
              "deleted": false,
              "id": "1",
              "timestamp": 1468479767190,
              "title": "Learn Redux in 10 minutes!",
              "voteScore": 1,
            },
            Object {
              "author": "thingtwo",
              "body": "Everyone says so after all.",
              "category": "react",
              "commentCount": 1,
              "deleted": false,
              "id": "2",
              "timestamp": 1467166872634,
              "title": "Udacity is the best place to learn React",
              "voteScore": -1,
            },
          ]
    }
    sortMethod="sort_by_date"
/>,
  Symbol(enzyme.__renderer__): Object {
    "batchedUpdates": [Function],
    "getNode": [Function],
    "render": [Function],
    "simulateError": [Function],
    "simulateEvent": [Function],
    "unmount": [Function],
  },
  Symbol(enzyme.__node__): Object {
    "instance": null,
    "key": undefined,
    "nodeType": "class",
    "props": Object {
      "children": Array [
        <li>
          <PostRow
                    deletePost={[Function]}
                    editPost={[Function]}
                    modifyPostVoteValues={[Function]}
                    post={
                              Object {
                                        "author": "thingone",
                                        "body": "Just kidding. It takes more than 10 minutes to learn technology.",
                                        "category": "redux",
                                        "commentCount": 0,
                                        "deleted": false,
                                        "id": "1",
                                        "timestamp": 1468479767190,
                                        "title": "Learn Redux in 10 minutes!",
                                        "voteScore": 1,
                                      }
                    }
          />
</li>,
        <li>
          <PostRow
                    deletePost={[Function]}
                    editPost={[Function]}
                    modifyPostVoteValues={[Function]}
                    post={
                              Object {
                                        "author": "thingtwo",
                                        "body": "Everyone says so after all.",
                                        "category": "react",
                                        "commentCount": 1,
                                        "deleted": false,
                                        "id": "2",
                                        "timestamp": 1467166872634,
                                        "title": "Udacity is the best place to learn React",
                                        "voteScore": -1,
                                      }
                    }
          />
</li>,
      ],
    },
    "ref": null,
    "rendered": Array [
      Object {
        "instance": null,
        "key": "1",
        "nodeType": "host",
        "props": Object {
          "children": <PostRow
            deletePost={[Function]}
            editPost={[Function]}
            modifyPostVoteValues={[Function]}
            post={
                        Object {
                                    "author": "thingone",
                                    "body": "Just kidding. It takes more than 10 minutes to learn technology.",
                                    "category": "redux",
                                    "commentCount": 0,
                                    "deleted": false,
                                    "id": "1",
                                    "timestamp": 1468479767190,
                                    "title": "Learn Redux in 10 minutes!",
                                    "voteScore": 1,
                                  }
            }
/>,
        },
        "ref": null,
        "rendered": Object {
          "instance": null,
          "key": undefined,
          "nodeType": "function",
          "props": Object {
            "deletePost": [Function],
            "editPost": [Function],
            "modifyPostVoteValues": [Function],
            "post": Object {
              "author": "thingone",
              "body": "Just kidding. It takes more than 10 minutes to learn technology.",
              "category": "redux",
              "commentCount": 0,
              "deleted": false,
              "id": "1",
              "timestamp": 1468479767190,
              "title": "Learn Redux in 10 minutes!",
              "voteScore": 1,
            },
          },
          "ref": null,
          "rendered": null,
          "type": [Function],
        },
        "type": "li",
      },
      Object {
        "instance": null,
        "key": "2",
        "nodeType": "host",
        "props": Object {
          "children": <PostRow
            deletePost={[Function]}
            editPost={[Function]}
            modifyPostVoteValues={[Function]}
            post={
                        Object {
                                    "author": "thingtwo",
                                    "body": "Everyone says so after all.",
                                    "category": "react",
                                    "commentCount": 1,
                                    "deleted": false,
                                    "id": "2",
                                    "timestamp": 1467166872634,
                                    "title": "Udacity is the best place to learn React",
                                    "voteScore": -1,
                                  }
            }
/>,
        },
        "ref": null,
        "rendered": Object {
          "instance": null,
          "key": undefined,
          "nodeType": "function",
          "props": Object {
            "deletePost": [Function],
            "editPost": [Function],
            "modifyPostVoteValues": [Function],
            "post": Object {
              "author": "thingtwo",
              "body": "Everyone says so after all.",
              "category": "react",
              "commentCount": 1,
              "deleted": false,
              "id": "2",
              "timestamp": 1467166872634,
              "title": "Udacity is the best place to learn React",
              "voteScore": -1,
            },
          },
          "ref": null,
          "rendered": null,
          "type": [Function],
        },
        "type": "li",
      },
    ],
    "type": [Function],
  },
  Symbol(enzyme.__nodes__): Array [
    Object {
      "instance": null,
      "key": undefined,
      "nodeType": "class",
      "props": Object {
        "children": Array [
          <li>
            <PostRow
                        deletePost={[Function]}
                        editPost={[Function]}
                        modifyPostVoteValues={[Function]}
                        post={
                                    Object {
                                                "author": "thingone",
                                                "body": "Just kidding. It takes more than 10 minutes to learn technology.",
                                                "category": "redux",
                                                "commentCount": 0,
                                                "deleted": false,
                                                "id": "1",
                                                "timestamp": 1468479767190,
                                                "title": "Learn Redux in 10 minutes!",
                                                "voteScore": 1,
                                              }
                        }
            />
</li>,
          <li>
            <PostRow
                        deletePost={[Function]}
                        editPost={[Function]}
                        modifyPostVoteValues={[Function]}
                        post={
                                    Object {
                                                "author": "thingtwo",
                                                "body": "Everyone says so after all.",
                                                "category": "react",
                                                "commentCount": 1,
                                                "deleted": false,
                                                "id": "2",
                                                "timestamp": 1467166872634,
                                                "title": "Udacity is the best place to learn React",
                                                "voteScore": -1,
                                              }
                        }
            />
</li>,
        ],
      },
      "ref": null,
      "rendered": Array [
        Object {
          "instance": null,
          "key": "1",
          "nodeType": "host",
          "props": Object {
            "children": <PostRow
              deletePost={[Function]}
              editPost={[Function]}
              modifyPostVoteValues={[Function]}
              post={
                            Object {
                                          "author": "thingone",
                                          "body": "Just kidding. It takes more than 10 minutes to learn technology.",
                                          "category": "redux",
                                          "commentCount": 0,
                                          "deleted": false,
                                          "id": "1",
                                          "timestamp": 1468479767190,
                                          "title": "Learn Redux in 10 minutes!",
                                          "voteScore": 1,
                                        }
              }
/>,
          },
          "ref": null,
          "rendered": Object {
            "instance": null,
            "key": undefined,
            "nodeType": "function",
            "props": Object {
              "deletePost": [Function],
              "editPost": [Function],
              "modifyPostVoteValues": [Function],
              "post": Object {
                "author": "thingone",
                "body": "Just kidding. It takes more than 10 minutes to learn technology.",
                "category": "redux",
                "commentCount": 0,
                "deleted": false,
                "id": "1",
                "timestamp": 1468479767190,
                "title": "Learn Redux in 10 minutes!",
                "voteScore": 1,
              },
            },
            "ref": null,
            "rendered": null,
            "type": [Function],
          },
          "type": "li",
        },
        Object {
          "instance": null,
          "key": "2",
          "nodeType": "host",
          "props": Object {
            "children": <PostRow
              deletePost={[Function]}
              editPost={[Function]}
              modifyPostVoteValues={[Function]}
              post={
                            Object {
                                          "author": "thingtwo",
                                          "body": "Everyone says so after all.",
                                          "category": "react",
                                          "commentCount": 1,
                                          "deleted": false,
                                          "id": "2",
                                          "timestamp": 1467166872634,
                                          "title": "Udacity is the best place to learn React",
                                          "voteScore": -1,
                                        }
              }
/>,
          },
          "ref": null,
          "rendered": Object {
            "instance": null,
            "key": undefined,
            "nodeType": "function",
            "props": Object {
              "deletePost": [Function],
              "editPost": [Function],
              "modifyPostVoteValues": [Function],
              "post": Object {
                "author": "thingtwo",
                "body": "Everyone says so after all.",
                "category": "react",
                "commentCount": 1,
                "deleted": false,
                "id": "2",
                "timestamp": 1467166872634,
                "title": "Udacity is the best place to learn React",
                "voteScore": -1,
              },
            },
            "ref": null,
            "rendered": null,
            "type": [Function],
          },
          "type": "li",
        },
      ],
      "type": [Function],
    },
  ],
  Symbol(enzyme.__options__): Object {
    "adapter": ReactSixteenAdapter {
      "options": Object {
        "enableComponentDidUpdateOnSetState": true,
        "lifecycles": Object {
          "componentDidUpdate": Object {
            "onSetState": true,
          },
          "getDerivedStateFromProps": true,
          "getSnapshotBeforeUpdate": true,
          "setState": Object {
            "skipsComponentDidUpdateOnNullish": true,
          },
        },
      },
    },
    "attachTo": undefined,
    "hydrateIn": undefined,
  },
}
`;
