// Jest Snapshot v1, https://goo.gl/fbAQLP

exports[`ModalPostForm matches the snapshot 1`] = `
ShallowWrapper {
  Symbol(enzyme.__root__): [Circular],
  Symbol(enzyme.__unrendered__): <ModalPostForm
    disabledSubmit={false}
    handleCancel={[Function]}
    handleSubmit={[Function]}
    modalIsVisible={false}
/>,
  Symbol(enzyme.__renderer__): Object {
    "batchedUpdates": [Function],
    "getNode": [Function],
    "render": [Function],
    "simulateError": [Function],
    "simulateEvent": [Function],
    "unmount": [Function],
  },
  Symbol(enzyme.__node__): Object {
    "instance": null,
    "key": undefined,
    "nodeType": "class",
    "props": Object {
      "children": <WithForm
        formProperties={Object {}}
        onPropertyChanges={[Function]}
        onSubmit={[Function]}
>
        <Styled(Modal)
                handleClick={undefined}
                show={false}
        >
                [Function]
        </Styled(Modal)>
</WithForm>,
    },
    "ref": null,
    "rendered": Object {
      "instance": null,
      "key": undefined,
      "nodeType": "class",
      "props": Object {
        "children": <Styled(Modal)
          handleClick={undefined}
          show={false}
>
          [Function]
</Styled(Modal)>,
        "formProperties": Object {},
        "onPropertyChanges": [Function],
        "onSubmit": [Function],
      },
      "ref": null,
      "rendered": Object {
        "instance": null,
        "key": undefined,
        "nodeType": "class",
        "props": Object {
          "children": [Function],
          "handleClick": undefined,
          "show": false,
        },
        "ref": null,
        "rendered": [Function],
        "type": [Function],
      },
      "type": [Function],
    },
    "type": [Function],
  },
  Symbol(enzyme.__nodes__): Array [
    Object {
      "instance": null,
      "key": undefined,
      "nodeType": "class",
      "props": Object {
        "children": <WithForm
          formProperties={Object {}}
          onPropertyChanges={[Function]}
          onSubmit={[Function]}
>
          <Styled(Modal)
                    handleClick={undefined}
                    show={false}
          >
                    [Function]
          </Styled(Modal)>
</WithForm>,
      },
      "ref": null,
      "rendered": Object {
        "instance": null,
        "key": undefined,
        "nodeType": "class",
        "props": Object {
          "children": <Styled(Modal)
            handleClick={undefined}
            show={false}
>
            [Function]
</Styled(Modal)>,
          "formProperties": Object {},
          "onPropertyChanges": [Function],
          "onSubmit": [Function],
        },
        "ref": null,
        "rendered": Object {
          "instance": null,
          "key": undefined,
          "nodeType": "class",
          "props": Object {
            "children": [Function],
            "handleClick": undefined,
            "show": false,
          },
          "ref": null,
          "rendered": [Function],
          "type": [Function],
        },
        "type": [Function],
      },
      "type": [Function],
    },
  ],
  Symbol(enzyme.__options__): Object {
    "adapter": ReactSixteenAdapter {
      "options": Object {
        "enableComponentDidUpdateOnSetState": true,
        "lifecycles": Object {
          "componentDidUpdate": Object {
            "onSetState": true,
          },
          "getDerivedStateFromProps": true,
          "getSnapshotBeforeUpdate": true,
          "setState": Object {
            "skipsComponentDidUpdateOnNullish": true,
          },
        },
      },
    },
    "attachTo": undefined,
    "hydrateIn": undefined,
  },
}
`;
