// Jest Snapshot v1, https://goo.gl/fbAQLP

exports[`CommentRowTitle matches the snapshot 1`] = `
ShallowWrapper {
  Symbol(enzyme.__root__): [Circular],
  Symbol(enzyme.__unrendered__): <CommentRowTitle
    comment={
        Object {
            "author": "Breno",
            "body": "Test",
            "deleted": false,
            "id": "1",
            "parentDeleted": false,
            "parentId": "12",
            "timestamp": 1538417732043,
            "voteScore": 1,
          }
    }
    deleteComment={[Function]}
    editClick={[Function]}
/>,
  Symbol(enzyme.__renderer__): Object {
    "batchedUpdates": [Function],
    "getNode": [Function],
    "render": [Function],
    "simulateError": [Function],
    "simulateEvent": [Function],
    "unmount": [Function],
  },
  Symbol(enzyme.__node__): Object {
    "instance": null,
    "key": undefined,
    "nodeType": "class",
    "props": Object {
      "children": Array [
        <span>
          Breno
</span>,
        <div>
          <EditIcon
                    handleEdit={[Function]}
                    objectToEdit={Object {}}
                    title="Editar comentário"
          />
          <DeleteIcon
                    handleDelete={[Function]}
                    objectToDelete={Object {}}
                    title="Remover comentário"
          />
</div>,
      ],
    },
    "ref": null,
    "rendered": Array [
      Object {
        "instance": null,
        "key": undefined,
        "nodeType": "host",
        "props": Object {
          "children": "Breno",
        },
        "ref": null,
        "rendered": "Breno",
        "type": "span",
      },
      Object {
        "instance": null,
        "key": undefined,
        "nodeType": "host",
        "props": Object {
          "children": Array [
            <EditIcon
              handleEdit={[Function]}
              objectToEdit={Object {}}
              title="Editar comentário"
/>,
            <DeleteIcon
              handleDelete={[Function]}
              objectToDelete={Object {}}
              title="Remover comentário"
/>,
          ],
        },
        "ref": null,
        "rendered": Array [
          Object {
            "instance": null,
            "key": undefined,
            "nodeType": "function",
            "props": Object {
              "handleEdit": [Function],
              "objectToEdit": Object {},
              "title": "Editar comentário",
            },
            "ref": null,
            "rendered": null,
            "type": [Function],
          },
          Object {
            "instance": null,
            "key": undefined,
            "nodeType": "function",
            "props": Object {
              "handleDelete": [Function],
              "objectToDelete": Object {},
              "title": "Remover comentário",
            },
            "ref": null,
            "rendered": null,
            "type": [Function],
          },
        ],
        "type": "div",
      },
    ],
    "type": [Function],
  },
  Symbol(enzyme.__nodes__): Array [
    Object {
      "instance": null,
      "key": undefined,
      "nodeType": "class",
      "props": Object {
        "children": Array [
          <span>
            Breno
</span>,
          <div>
            <EditIcon
                        handleEdit={[Function]}
                        objectToEdit={Object {}}
                        title="Editar comentário"
            />
            <DeleteIcon
                        handleDelete={[Function]}
                        objectToDelete={Object {}}
                        title="Remover comentário"
            />
</div>,
        ],
      },
      "ref": null,
      "rendered": Array [
        Object {
          "instance": null,
          "key": undefined,
          "nodeType": "host",
          "props": Object {
            "children": "Breno",
          },
          "ref": null,
          "rendered": "Breno",
          "type": "span",
        },
        Object {
          "instance": null,
          "key": undefined,
          "nodeType": "host",
          "props": Object {
            "children": Array [
              <EditIcon
                handleEdit={[Function]}
                objectToEdit={Object {}}
                title="Editar comentário"
/>,
              <DeleteIcon
                handleDelete={[Function]}
                objectToDelete={Object {}}
                title="Remover comentário"
/>,
            ],
          },
          "ref": null,
          "rendered": Array [
            Object {
              "instance": null,
              "key": undefined,
              "nodeType": "function",
              "props": Object {
                "handleEdit": [Function],
                "objectToEdit": Object {},
                "title": "Editar comentário",
              },
              "ref": null,
              "rendered": null,
              "type": [Function],
            },
            Object {
              "instance": null,
              "key": undefined,
              "nodeType": "function",
              "props": Object {
                "handleDelete": [Function],
                "objectToDelete": Object {},
                "title": "Remover comentário",
              },
              "ref": null,
              "rendered": null,
              "type": [Function],
            },
          ],
          "type": "div",
        },
      ],
      "type": [Function],
    },
  ],
  Symbol(enzyme.__options__): Object {
    "adapter": ReactSixteenAdapter {
      "options": Object {
        "enableComponentDidUpdateOnSetState": true,
        "lifecycles": Object {
          "componentDidUpdate": Object {
            "onSetState": true,
          },
          "getDerivedStateFromProps": true,
          "getSnapshotBeforeUpdate": true,
          "setState": Object {
            "skipsComponentDidUpdateOnNullish": true,
          },
        },
      },
    },
    "attachTo": undefined,
    "hydrateIn": undefined,
  },
}
`;
