// Jest Snapshot v1, https://goo.gl/fbAQLP

exports[`CommentsList matches the snapshot 1`] = `
ShallowWrapper {
  Symbol(enzyme.__root__): [Circular],
  Symbol(enzyme.__unrendered__): <CommentsList
    comments={
        Array [
            Object {
              "author": "Breno",
              "body": "Test",
              "deleted": false,
              "id": "1",
              "parentDeleted": false,
              "parentId": "1",
              "timestamp": 1538417732043,
              "voteScore": 1,
            },
            Object {
              "author": "Joãozinho",
              "body": "Test 2",
              "deleted": false,
              "id": "2",
              "parentDeleted": false,
              "parentId": "1",
              "timestamp": 1538419906880,
              "voteScore": 2,
            },
          ]
    }
    deleteComment={[Function]}
    editClick={[Function]}
    modifyCommentVoteValues={[Function]}
/>,
  Symbol(enzyme.__renderer__): Object {
    "batchedUpdates": [Function],
    "getNode": [Function],
    "render": [Function],
    "simulateError": [Function],
    "simulateEvent": [Function],
    "unmount": [Function],
  },
  Symbol(enzyme.__node__): Object {
    "instance": null,
    "key": undefined,
    "nodeType": "class",
    "props": Object {
      "children": <ul>
        <li>
                <CommentRow
                        comment={
                                Object {
                                        "author": "Joãozinho",
                                        "body": "Test 2",
                                        "deleted": false,
                                        "id": "2",
                                        "parentDeleted": false,
                                        "parentId": "1",
                                        "timestamp": 1538419906880,
                                        "voteScore": 2,
                                      }
                        }
                        deleteComment={[Function]}
                        editClick={[Function]}
                        modifyCommentVoteValues={[Function]}
                />
        </li>
        <li>
                <CommentRow
                        comment={
                                Object {
                                        "author": "Breno",
                                        "body": "Test",
                                        "deleted": false,
                                        "id": "1",
                                        "parentDeleted": false,
                                        "parentId": "1",
                                        "timestamp": 1538417732043,
                                        "voteScore": 1,
                                      }
                        }
                        deleteComment={[Function]}
                        editClick={[Function]}
                        modifyCommentVoteValues={[Function]}
                />
        </li>
</ul>,
    },
    "ref": null,
    "rendered": Object {
      "instance": null,
      "key": undefined,
      "nodeType": "host",
      "props": Object {
        "children": Array [
          <li>
            <CommentRow
                        comment={
                                    Object {
                                                "author": "Joãozinho",
                                                "body": "Test 2",
                                                "deleted": false,
                                                "id": "2",
                                                "parentDeleted": false,
                                                "parentId": "1",
                                                "timestamp": 1538419906880,
                                                "voteScore": 2,
                                              }
                        }
                        deleteComment={[Function]}
                        editClick={[Function]}
                        modifyCommentVoteValues={[Function]}
            />
</li>,
          <li>
            <CommentRow
                        comment={
                                    Object {
                                                "author": "Breno",
                                                "body": "Test",
                                                "deleted": false,
                                                "id": "1",
                                                "parentDeleted": false,
                                                "parentId": "1",
                                                "timestamp": 1538417732043,
                                                "voteScore": 1,
                                              }
                        }
                        deleteComment={[Function]}
                        editClick={[Function]}
                        modifyCommentVoteValues={[Function]}
            />
</li>,
        ],
      },
      "ref": null,
      "rendered": Array [
        Object {
          "instance": null,
          "key": "2",
          "nodeType": "host",
          "props": Object {
            "children": <CommentRow
              comment={
                            Object {
                                          "author": "Joãozinho",
                                          "body": "Test 2",
                                          "deleted": false,
                                          "id": "2",
                                          "parentDeleted": false,
                                          "parentId": "1",
                                          "timestamp": 1538419906880,
                                          "voteScore": 2,
                                        }
              }
              deleteComment={[Function]}
              editClick={[Function]}
              modifyCommentVoteValues={[Function]}
/>,
          },
          "ref": null,
          "rendered": Object {
            "instance": null,
            "key": undefined,
            "nodeType": "function",
            "props": Object {
              "comment": Object {
                "author": "Joãozinho",
                "body": "Test 2",
                "deleted": false,
                "id": "2",
                "parentDeleted": false,
                "parentId": "1",
                "timestamp": 1538419906880,
                "voteScore": 2,
              },
              "deleteComment": [Function],
              "editClick": [Function],
              "modifyCommentVoteValues": [Function],
            },
            "ref": null,
            "rendered": null,
            "type": [Function],
          },
          "type": "li",
        },
        Object {
          "instance": null,
          "key": "1",
          "nodeType": "host",
          "props": Object {
            "children": <CommentRow
              comment={
                            Object {
                                          "author": "Breno",
                                          "body": "Test",
                                          "deleted": false,
                                          "id": "1",
                                          "parentDeleted": false,
                                          "parentId": "1",
                                          "timestamp": 1538417732043,
                                          "voteScore": 1,
                                        }
              }
              deleteComment={[Function]}
              editClick={[Function]}
              modifyCommentVoteValues={[Function]}
/>,
          },
          "ref": null,
          "rendered": Object {
            "instance": null,
            "key": undefined,
            "nodeType": "function",
            "props": Object {
              "comment": Object {
                "author": "Breno",
                "body": "Test",
                "deleted": false,
                "id": "1",
                "parentDeleted": false,
                "parentId": "1",
                "timestamp": 1538417732043,
                "voteScore": 1,
              },
              "deleteComment": [Function],
              "editClick": [Function],
              "modifyCommentVoteValues": [Function],
            },
            "ref": null,
            "rendered": null,
            "type": [Function],
          },
          "type": "li",
        },
      ],
      "type": "ul",
    },
    "type": [Function],
  },
  Symbol(enzyme.__nodes__): Array [
    Object {
      "instance": null,
      "key": undefined,
      "nodeType": "class",
      "props": Object {
        "children": <ul>
          <li>
                    <CommentRow
                              comment={
                                        Object {
                                                  "author": "Joãozinho",
                                                  "body": "Test 2",
                                                  "deleted": false,
                                                  "id": "2",
                                                  "parentDeleted": false,
                                                  "parentId": "1",
                                                  "timestamp": 1538419906880,
                                                  "voteScore": 2,
                                                }
                              }
                              deleteComment={[Function]}
                              editClick={[Function]}
                              modifyCommentVoteValues={[Function]}
                    />
          </li>
          <li>
                    <CommentRow
                              comment={
                                        Object {
                                                  "author": "Breno",
                                                  "body": "Test",
                                                  "deleted": false,
                                                  "id": "1",
                                                  "parentDeleted": false,
                                                  "parentId": "1",
                                                  "timestamp": 1538417732043,
                                                  "voteScore": 1,
                                                }
                              }
                              deleteComment={[Function]}
                              editClick={[Function]}
                              modifyCommentVoteValues={[Function]}
                    />
          </li>
</ul>,
      },
      "ref": null,
      "rendered": Object {
        "instance": null,
        "key": undefined,
        "nodeType": "host",
        "props": Object {
          "children": Array [
            <li>
              <CommentRow
                            comment={
                                          Object {
                                                        "author": "Joãozinho",
                                                        "body": "Test 2",
                                                        "deleted": false,
                                                        "id": "2",
                                                        "parentDeleted": false,
                                                        "parentId": "1",
                                                        "timestamp": 1538419906880,
                                                        "voteScore": 2,
                                                      }
                            }
                            deleteComment={[Function]}
                            editClick={[Function]}
                            modifyCommentVoteValues={[Function]}
              />
</li>,
            <li>
              <CommentRow
                            comment={
                                          Object {
                                                        "author": "Breno",
                                                        "body": "Test",
                                                        "deleted": false,
                                                        "id": "1",
                                                        "parentDeleted": false,
                                                        "parentId": "1",
                                                        "timestamp": 1538417732043,
                                                        "voteScore": 1,
                                                      }
                            }
                            deleteComment={[Function]}
                            editClick={[Function]}
                            modifyCommentVoteValues={[Function]}
              />
</li>,
          ],
        },
        "ref": null,
        "rendered": Array [
          Object {
            "instance": null,
            "key": "2",
            "nodeType": "host",
            "props": Object {
              "children": <CommentRow
                comment={
                                Object {
                                                "author": "Joãozinho",
                                                "body": "Test 2",
                                                "deleted": false,
                                                "id": "2",
                                                "parentDeleted": false,
                                                "parentId": "1",
                                                "timestamp": 1538419906880,
                                                "voteScore": 2,
                                              }
                }
                deleteComment={[Function]}
                editClick={[Function]}
                modifyCommentVoteValues={[Function]}
/>,
            },
            "ref": null,
            "rendered": Object {
              "instance": null,
              "key": undefined,
              "nodeType": "function",
              "props": Object {
                "comment": Object {
                  "author": "Joãozinho",
                  "body": "Test 2",
                  "deleted": false,
                  "id": "2",
                  "parentDeleted": false,
                  "parentId": "1",
                  "timestamp": 1538419906880,
                  "voteScore": 2,
                },
                "deleteComment": [Function],
                "editClick": [Function],
                "modifyCommentVoteValues": [Function],
              },
              "ref": null,
              "rendered": null,
              "type": [Function],
            },
            "type": "li",
          },
          Object {
            "instance": null,
            "key": "1",
            "nodeType": "host",
            "props": Object {
              "children": <CommentRow
                comment={
                                Object {
                                                "author": "Breno",
                                                "body": "Test",
                                                "deleted": false,
                                                "id": "1",
                                                "parentDeleted": false,
                                                "parentId": "1",
                                                "timestamp": 1538417732043,
                                                "voteScore": 1,
                                              }
                }
                deleteComment={[Function]}
                editClick={[Function]}
                modifyCommentVoteValues={[Function]}
/>,
            },
            "ref": null,
            "rendered": Object {
              "instance": null,
              "key": undefined,
              "nodeType": "function",
              "props": Object {
                "comment": Object {
                  "author": "Breno",
                  "body": "Test",
                  "deleted": false,
                  "id": "1",
                  "parentDeleted": false,
                  "parentId": "1",
                  "timestamp": 1538417732043,
                  "voteScore": 1,
                },
                "deleteComment": [Function],
                "editClick": [Function],
                "modifyCommentVoteValues": [Function],
              },
              "ref": null,
              "rendered": null,
              "type": [Function],
            },
            "type": "li",
          },
        ],
        "type": "ul",
      },
      "type": [Function],
    },
  ],
  Symbol(enzyme.__options__): Object {
    "adapter": ReactSixteenAdapter {
      "options": Object {
        "enableComponentDidUpdateOnSetState": true,
        "lifecycles": Object {
          "componentDidUpdate": Object {
            "onSetState": true,
          },
          "getDerivedStateFromProps": true,
          "getSnapshotBeforeUpdate": true,
          "setState": Object {
            "skipsComponentDidUpdateOnNullish": true,
          },
        },
      },
    },
    "attachTo": undefined,
    "hydrateIn": undefined,
  },
}
`;
