// Jest Snapshot v1, https://goo.gl/fbAQLP

exports[`PostRowTitle matches the snapshot 1`] = `
ShallowWrapper {
  Symbol(enzyme.__root__): [Circular],
  Symbol(enzyme.__unrendered__): <PostRowTitle
    deletePost={[Function]}
    editPost={[Function]}
    post={
        Object {
            "author": "thingone",
            "body": "Just kidding. It takes more than 10 minutes to learn technology.",
            "category": "redux",
            "commentCount": 0,
            "deleted": false,
            "id": "6ni6ok3ym7mf1p33lnez",
            "timestamp": 1468479767190,
            "title": "Learn Redux in 10 minutes!",
            "voteScore": -5,
          }
    }
/>,
  Symbol(enzyme.__renderer__): Object {
    "batchedUpdates": [Function],
    "getNode": [Function],
    "render": [Function],
    "simulateError": [Function],
    "simulateEvent": [Function],
    "unmount": [Function],
  },
  Symbol(enzyme.__node__): Object {
    "instance": null,
    "key": undefined,
    "nodeType": "class",
    "props": Object {
      "children": Array [
        <Link
          replace={false}
          to="/posts/6ni6ok3ym7mf1p33lnez"
>
          Learn Redux in 10 minutes!
           
          <i
                    className="fas fa-link"
                    title="Clique para ver a postagem"
          />
</Link>,
        <p>
          Just kidding. It takes more than 10 minutes to learn technology.
</p>,
        <div>
          <span>
                    <i
                              className="far fa-comment"
                              title="Quantidade de comentários"
                    />
                     
                    <small />
          </span>
          <div>
                    <EditIcon
                              handleEdit={[Function]}
                              objectToEdit={
                                        Object {
                                                  "author": "thingone",
                                                  "body": "Just kidding. It takes more than 10 minutes to learn technology.",
                                                  "category": "redux",
                                                  "commentCount": 0,
                                                  "deleted": false,
                                                  "id": "6ni6ok3ym7mf1p33lnez",
                                                  "timestamp": 1468479767190,
                                                  "title": "Learn Redux in 10 minutes!",
                                                  "voteScore": -5,
                                                }
                              }
                              title="Editar esse post"
                    />
                    <DeleteIcon
                              handleDelete={[Function]}
                              objectToDelete={
                                        Object {
                                                  "author": "thingone",
                                                  "body": "Just kidding. It takes more than 10 minutes to learn technology.",
                                                  "category": "redux",
                                                  "commentCount": 0,
                                                  "deleted": false,
                                                  "id": "6ni6ok3ym7mf1p33lnez",
                                                  "timestamp": 1468479767190,
                                                  "title": "Learn Redux in 10 minutes!",
                                                  "voteScore": -5,
                                                }
                              }
                              title="Remover esse post"
                    />
          </div>
</div>,
      ],
    },
    "ref": null,
    "rendered": Array [
      Object {
        "instance": null,
        "key": undefined,
        "nodeType": "class",
        "props": Object {
          "children": Array [
            "Learn Redux in 10 minutes!",
            " ",
            <i
              className="fas fa-link"
              title="Clique para ver a postagem"
/>,
          ],
          "replace": false,
          "to": "/posts/6ni6ok3ym7mf1p33lnez",
        },
        "ref": null,
        "rendered": Array [
          "Learn Redux in 10 minutes!",
          " ",
          Object {
            "instance": null,
            "key": undefined,
            "nodeType": "host",
            "props": Object {
              "className": "fas fa-link",
              "title": "Clique para ver a postagem",
            },
            "ref": null,
            "rendered": null,
            "type": "i",
          },
        ],
        "type": [Function],
      },
      Object {
        "instance": null,
        "key": undefined,
        "nodeType": "host",
        "props": Object {
          "children": "Just kidding. It takes more than 10 minutes to learn technology.",
        },
        "ref": null,
        "rendered": "Just kidding. It takes more than 10 minutes to learn technology.",
        "type": "p",
      },
      Object {
        "instance": null,
        "key": undefined,
        "nodeType": "host",
        "props": Object {
          "children": Array [
            <span>
              <i
                            className="far fa-comment"
                            title="Quantidade de comentários"
              />
               
              <small />
</span>,
            <div>
              <EditIcon
                            handleEdit={[Function]}
                            objectToEdit={
                                          Object {
                                                        "author": "thingone",
                                                        "body": "Just kidding. It takes more than 10 minutes to learn technology.",
                                                        "category": "redux",
                                                        "commentCount": 0,
                                                        "deleted": false,
                                                        "id": "6ni6ok3ym7mf1p33lnez",
                                                        "timestamp": 1468479767190,
                                                        "title": "Learn Redux in 10 minutes!",
                                                        "voteScore": -5,
                                                      }
                            }
                            title="Editar esse post"
              />
              <DeleteIcon
                            handleDelete={[Function]}
                            objectToDelete={
                                          Object {
                                                        "author": "thingone",
                                                        "body": "Just kidding. It takes more than 10 minutes to learn technology.",
                                                        "category": "redux",
                                                        "commentCount": 0,
                                                        "deleted": false,
                                                        "id": "6ni6ok3ym7mf1p33lnez",
                                                        "timestamp": 1468479767190,
                                                        "title": "Learn Redux in 10 minutes!",
                                                        "voteScore": -5,
                                                      }
                            }
                            title="Remover esse post"
              />
</div>,
          ],
        },
        "ref": null,
        "rendered": Array [
          Object {
            "instance": null,
            "key": undefined,
            "nodeType": "host",
            "props": Object {
              "children": Array [
                <i
                  className="far fa-comment"
                  title="Quantidade de comentários"
/>,
                " ",
                <small />,
              ],
            },
            "ref": null,
            "rendered": Array [
              Object {
                "instance": null,
                "key": undefined,
                "nodeType": "host",
                "props": Object {
                  "className": "far fa-comment",
                  "title": "Quantidade de comentários",
                },
                "ref": null,
                "rendered": null,
                "type": "i",
              },
              " ",
              Object {
                "instance": null,
                "key": undefined,
                "nodeType": "host",
                "props": Object {
                  "children": 0,
                },
                "ref": null,
                "rendered": 0,
                "type": "small",
              },
            ],
            "type": "span",
          },
          Object {
            "instance": null,
            "key": undefined,
            "nodeType": "host",
            "props": Object {
              "children": Array [
                <EditIcon
                  handleEdit={[Function]}
                  objectToEdit={
                                    Object {
                                                      "author": "thingone",
                                                      "body": "Just kidding. It takes more than 10 minutes to learn technology.",
                                                      "category": "redux",
                                                      "commentCount": 0,
                                                      "deleted": false,
                                                      "id": "6ni6ok3ym7mf1p33lnez",
                                                      "timestamp": 1468479767190,
                                                      "title": "Learn Redux in 10 minutes!",
                                                      "voteScore": -5,
                                                    }
                  }
                  title="Editar esse post"
/>,
                <DeleteIcon
                  handleDelete={[Function]}
                  objectToDelete={
                                    Object {
                                                      "author": "thingone",
                                                      "body": "Just kidding. It takes more than 10 minutes to learn technology.",
                                                      "category": "redux",
                                                      "commentCount": 0,
                                                      "deleted": false,
                                                      "id": "6ni6ok3ym7mf1p33lnez",
                                                      "timestamp": 1468479767190,
                                                      "title": "Learn Redux in 10 minutes!",
                                                      "voteScore": -5,
                                                    }
                  }
                  title="Remover esse post"
/>,
              ],
            },
            "ref": null,
            "rendered": Array [
              Object {
                "instance": null,
                "key": undefined,
                "nodeType": "function",
                "props": Object {
                  "handleEdit": [Function],
                  "objectToEdit": Object {
                    "author": "thingone",
                    "body": "Just kidding. It takes more than 10 minutes to learn technology.",
                    "category": "redux",
                    "commentCount": 0,
                    "deleted": false,
                    "id": "6ni6ok3ym7mf1p33lnez",
                    "timestamp": 1468479767190,
                    "title": "Learn Redux in 10 minutes!",
                    "voteScore": -5,
                  },
                  "title": "Editar esse post",
                },
                "ref": null,
                "rendered": null,
                "type": [Function],
              },
              Object {
                "instance": null,
                "key": undefined,
                "nodeType": "function",
                "props": Object {
                  "handleDelete": [Function],
                  "objectToDelete": Object {
                    "author": "thingone",
                    "body": "Just kidding. It takes more than 10 minutes to learn technology.",
                    "category": "redux",
                    "commentCount": 0,
                    "deleted": false,
                    "id": "6ni6ok3ym7mf1p33lnez",
                    "timestamp": 1468479767190,
                    "title": "Learn Redux in 10 minutes!",
                    "voteScore": -5,
                  },
                  "title": "Remover esse post",
                },
                "ref": null,
                "rendered": null,
                "type": [Function],
              },
            ],
            "type": "div",
          },
        ],
        "type": "div",
      },
    ],
    "type": [Function],
  },
  Symbol(enzyme.__nodes__): Array [
    Object {
      "instance": null,
      "key": undefined,
      "nodeType": "class",
      "props": Object {
        "children": Array [
          <Link
            replace={false}
            to="/posts/6ni6ok3ym7mf1p33lnez"
>
            Learn Redux in 10 minutes!
             
            <i
                        className="fas fa-link"
                        title="Clique para ver a postagem"
            />
</Link>,
          <p>
            Just kidding. It takes more than 10 minutes to learn technology.
</p>,
          <div>
            <span>
                        <i
                                    className="far fa-comment"
                                    title="Quantidade de comentários"
                        />
                         
                        <small />
            </span>
            <div>
                        <EditIcon
                                    handleEdit={[Function]}
                                    objectToEdit={
                                                Object {
                                                            "author": "thingone",
                                                            "body": "Just kidding. It takes more than 10 minutes to learn technology.",
                                                            "category": "redux",
                                                            "commentCount": 0,
                                                            "deleted": false,
                                                            "id": "6ni6ok3ym7mf1p33lnez",
                                                            "timestamp": 1468479767190,
                                                            "title": "Learn Redux in 10 minutes!",
                                                            "voteScore": -5,
                                                          }
                                    }
                                    title="Editar esse post"
                        />
                        <DeleteIcon
                                    handleDelete={[Function]}
                                    objectToDelete={
                                                Object {
                                                            "author": "thingone",
                                                            "body": "Just kidding. It takes more than 10 minutes to learn technology.",
                                                            "category": "redux",
                                                            "commentCount": 0,
                                                            "deleted": false,
                                                            "id": "6ni6ok3ym7mf1p33lnez",
                                                            "timestamp": 1468479767190,
                                                            "title": "Learn Redux in 10 minutes!",
                                                            "voteScore": -5,
                                                          }
                                    }
                                    title="Remover esse post"
                        />
            </div>
</div>,
        ],
      },
      "ref": null,
      "rendered": Array [
        Object {
          "instance": null,
          "key": undefined,
          "nodeType": "class",
          "props": Object {
            "children": Array [
              "Learn Redux in 10 minutes!",
              " ",
              <i
                className="fas fa-link"
                title="Clique para ver a postagem"
/>,
            ],
            "replace": false,
            "to": "/posts/6ni6ok3ym7mf1p33lnez",
          },
          "ref": null,
          "rendered": Array [
            "Learn Redux in 10 minutes!",
            " ",
            Object {
              "instance": null,
              "key": undefined,
              "nodeType": "host",
              "props": Object {
                "className": "fas fa-link",
                "title": "Clique para ver a postagem",
              },
              "ref": null,
              "rendered": null,
              "type": "i",
            },
          ],
          "type": [Function],
        },
        Object {
          "instance": null,
          "key": undefined,
          "nodeType": "host",
          "props": Object {
            "children": "Just kidding. It takes more than 10 minutes to learn technology.",
          },
          "ref": null,
          "rendered": "Just kidding. It takes more than 10 minutes to learn technology.",
          "type": "p",
        },
        Object {
          "instance": null,
          "key": undefined,
          "nodeType": "host",
          "props": Object {
            "children": Array [
              <span>
                <i
                                className="far fa-comment"
                                title="Quantidade de comentários"
                />
                 
                <small />
</span>,
              <div>
                <EditIcon
                                handleEdit={[Function]}
                                objectToEdit={
                                                Object {
                                                                "author": "thingone",
                                                                "body": "Just kidding. It takes more than 10 minutes to learn technology.",
                                                                "category": "redux",
                                                                "commentCount": 0,
                                                                "deleted": false,
                                                                "id": "6ni6ok3ym7mf1p33lnez",
                                                                "timestamp": 1468479767190,
                                                                "title": "Learn Redux in 10 minutes!",
                                                                "voteScore": -5,
                                                              }
                                }
                                title="Editar esse post"
                />
                <DeleteIcon
                                handleDelete={[Function]}
                                objectToDelete={
                                                Object {
                                                                "author": "thingone",
                                                                "body": "Just kidding. It takes more than 10 minutes to learn technology.",
                                                                "category": "redux",
                                                                "commentCount": 0,
                                                                "deleted": false,
                                                                "id": "6ni6ok3ym7mf1p33lnez",
                                                                "timestamp": 1468479767190,
                                                                "title": "Learn Redux in 10 minutes!",
                                                                "voteScore": -5,
                                                              }
                                }
                                title="Remover esse post"
                />
</div>,
            ],
          },
          "ref": null,
          "rendered": Array [
            Object {
              "instance": null,
              "key": undefined,
              "nodeType": "host",
              "props": Object {
                "children": Array [
                  <i
                    className="far fa-comment"
                    title="Quantidade de comentários"
/>,
                  " ",
                  <small />,
                ],
              },
              "ref": null,
              "rendered": Array [
                Object {
                  "instance": null,
                  "key": undefined,
                  "nodeType": "host",
                  "props": Object {
                    "className": "far fa-comment",
                    "title": "Quantidade de comentários",
                  },
                  "ref": null,
                  "rendered": null,
                  "type": "i",
                },
                " ",
                Object {
                  "instance": null,
                  "key": undefined,
                  "nodeType": "host",
                  "props": Object {
                    "children": 0,
                  },
                  "ref": null,
                  "rendered": 0,
                  "type": "small",
                },
              ],
              "type": "span",
            },
            Object {
              "instance": null,
              "key": undefined,
              "nodeType": "host",
              "props": Object {
                "children": Array [
                  <EditIcon
                    handleEdit={[Function]}
                    objectToEdit={
                                        Object {
                                                            "author": "thingone",
                                                            "body": "Just kidding. It takes more than 10 minutes to learn technology.",
                                                            "category": "redux",
                                                            "commentCount": 0,
                                                            "deleted": false,
                                                            "id": "6ni6ok3ym7mf1p33lnez",
                                                            "timestamp": 1468479767190,
                                                            "title": "Learn Redux in 10 minutes!",
                                                            "voteScore": -5,
                                                          }
                    }
                    title="Editar esse post"
/>,
                  <DeleteIcon
                    handleDelete={[Function]}
                    objectToDelete={
                                        Object {
                                                            "author": "thingone",
                                                            "body": "Just kidding. It takes more than 10 minutes to learn technology.",
                                                            "category": "redux",
                                                            "commentCount": 0,
                                                            "deleted": false,
                                                            "id": "6ni6ok3ym7mf1p33lnez",
                                                            "timestamp": 1468479767190,
                                                            "title": "Learn Redux in 10 minutes!",
                                                            "voteScore": -5,
                                                          }
                    }
                    title="Remover esse post"
/>,
                ],
              },
              "ref": null,
              "rendered": Array [
                Object {
                  "instance": null,
                  "key": undefined,
                  "nodeType": "function",
                  "props": Object {
                    "handleEdit": [Function],
                    "objectToEdit": Object {
                      "author": "thingone",
                      "body": "Just kidding. It takes more than 10 minutes to learn technology.",
                      "category": "redux",
                      "commentCount": 0,
                      "deleted": false,
                      "id": "6ni6ok3ym7mf1p33lnez",
                      "timestamp": 1468479767190,
                      "title": "Learn Redux in 10 minutes!",
                      "voteScore": -5,
                    },
                    "title": "Editar esse post",
                  },
                  "ref": null,
                  "rendered": null,
                  "type": [Function],
                },
                Object {
                  "instance": null,
                  "key": undefined,
                  "nodeType": "function",
                  "props": Object {
                    "handleDelete": [Function],
                    "objectToDelete": Object {
                      "author": "thingone",
                      "body": "Just kidding. It takes more than 10 minutes to learn technology.",
                      "category": "redux",
                      "commentCount": 0,
                      "deleted": false,
                      "id": "6ni6ok3ym7mf1p33lnez",
                      "timestamp": 1468479767190,
                      "title": "Learn Redux in 10 minutes!",
                      "voteScore": -5,
                    },
                    "title": "Remover esse post",
                  },
                  "ref": null,
                  "rendered": null,
                  "type": [Function],
                },
              ],
              "type": "div",
            },
          ],
          "type": "div",
        },
      ],
      "type": [Function],
    },
  ],
  Symbol(enzyme.__options__): Object {
    "adapter": ReactSixteenAdapter {
      "options": Object {
        "enableComponentDidUpdateOnSetState": true,
        "lifecycles": Object {
          "componentDidUpdate": Object {
            "onSetState": true,
          },
          "getDerivedStateFromProps": true,
          "getSnapshotBeforeUpdate": true,
          "setState": Object {
            "skipsComponentDidUpdateOnNullish": true,
          },
        },
      },
    },
    "attachTo": undefined,
    "hydrateIn": undefined,
  },
}
`;
