// Jest Snapshot v1, https://goo.gl/fbAQLP

exports[`PostRowRating matches the snapshot 1`] = `
ShallowWrapper {
  Symbol(enzyme.__root__): [Circular],
  Symbol(enzyme.__unrendered__): <PostRowRating
    modifyCommentVoteValues={[Function]}
    modifyPostVoteValue={[Function]}
    post={
        Object {
            "author": "thingone",
            "body": "Just kidding. It takes more than 10 minutes to learn technology.",
            "category": "redux",
            "commentCount": 0,
            "deleted": false,
            "id": "6ni6ok3ym7mf1p33lnez",
            "timestamp": 1468479767190,
            "title": "Learn Redux in 10 minutes!",
            "voteScore": -5,
          }
    }
/>,
  Symbol(enzyme.__renderer__): Object {
    "batchedUpdates": [Function],
    "getNode": [Function],
    "render": [Function],
    "simulateError": [Function],
    "simulateEvent": [Function],
    "unmount": [Function],
  },
  Symbol(enzyme.__node__): Object {
    "instance": null,
    "key": undefined,
    "nodeType": "class",
    "props": Object {
      "children": <Ratings
        rateDown={[Function]}
        rateUp={[Function]}
        voteScore={-5}
/>,
    },
    "ref": null,
    "rendered": Object {
      "instance": null,
      "key": undefined,
      "nodeType": "function",
      "props": Object {
        "rateDown": [Function],
        "rateUp": [Function],
        "voteScore": -5,
      },
      "ref": null,
      "rendered": null,
      "type": [Function],
    },
    "type": [Function],
  },
  Symbol(enzyme.__nodes__): Array [
    Object {
      "instance": null,
      "key": undefined,
      "nodeType": "class",
      "props": Object {
        "children": <Ratings
          rateDown={[Function]}
          rateUp={[Function]}
          voteScore={-5}
/>,
      },
      "ref": null,
      "rendered": Object {
        "instance": null,
        "key": undefined,
        "nodeType": "function",
        "props": Object {
          "rateDown": [Function],
          "rateUp": [Function],
          "voteScore": -5,
        },
        "ref": null,
        "rendered": null,
        "type": [Function],
      },
      "type": [Function],
    },
  ],
  Symbol(enzyme.__options__): Object {
    "adapter": ReactSixteenAdapter {
      "options": Object {
        "enableComponentDidUpdateOnSetState": true,
        "lifecycles": Object {
          "componentDidUpdate": Object {
            "onSetState": true,
          },
          "getDerivedStateFromProps": true,
          "getSnapshotBeforeUpdate": true,
          "setState": Object {
            "skipsComponentDidUpdateOnNullish": true,
          },
        },
      },
    },
    "attachTo": undefined,
    "hydrateIn": undefined,
  },
}
`;
